advanced_topics.md
command_line.md
command_line_decryption_utilities.md
contact_details.md
contents.md
credits.md
description.md
download.md
FAQ.md
fault_reporting.md
getting_started.md
glossary.md
impact_of_kernel_driver_signing.md
index.md
installation_and_upgrading.md
installation_and_upgrading__PC.md
known_bugs.md
licence.md
Linux_examples__cryptoloop.md
Linux_examples__dm-crypt.md
Linux_examples__LUKS.md
Linux_volumes.md
new.md
notes.md
notes_PC.md
pkcs11_drivers.md
pkcs11_support.md
plausible_deniability.md
portable_mode.md
technical_details.md
technical_details__build_notes.md
technical_details__creating_a_new_hash_cypher_driver.md
technical_details__creating_FreeOTFE_volumes.md
technical_details__filename_extensions.md
technical_details__FreeOTFE_CDB_layout.md
technical_details__FreeOTFE_CDB_layout_format_1.md
technical_details__FreeOTFE_CDB_layout_format_2.md
technical_details__FreeOTFE_CDB_layout_format_3.md
technical_details__FreeOTFE_CDB_layout_format_4.md
technical_details__FreeOTFE_CDB_layout_format_5.md
technical_details__FreeOTFE_volumes_and_keyfiles.md
technical_details__mounting_FreeOTFE_volumes.md
technical_details__partition_encryption_decryption.md
technical_details__registry_entries.md
technical_details__RNGs.md
TODO_list.md
translations.md
uninstalling.md
version_history.md
